(-> int? int? int?)
(-> int? (-> int? int?))
(the (-> int? int? int?) iadd)
