(lambda (x) x)
(lambda (f x) (f x))
((lambda (f x) (f x)) (lambda (x) x))
(lambda (x) x)
