[apply] Can not apply lambda to zero arguments
  target: (lambda (x) (begin x))

