['a]
['a 'b 'c]
[1 2 3]
['a 'b 'c 1 2 3 "a b c"]
[[1 2 3] [4 5 6] [7 8 9]]
[assert] fail
  exp: (equal? (list-length [1 2 3]) 2)
[source] examples/tests/list.test.lisp:29:1
 27|     [7 8 10]])))
 28|
 29|(assert
    ~~~~~~~~
 30|  (equal?
    ~~~~~~~~~~
 31|   (list-length [1 2 3])
    ~~~~~~~~~~~~~~~~~~~~~~~~~
 32|   2))
    ~~~~~~ 
 33|
 34|(assert

