123
'abc
"a b c"
""
['a]
['a 'b 'c]
[1 2 3]
['a 'b 'c 1 2 3 "a b c"]
123
'abc
"a b c"
""
['a]
['a 'b 'c]
[1 2 3]
['a 'b 'c 1 2 3 "a b c"]
